---
source: crates/pixi_manifest/src/toml/manifest.rs
assertion_line: 1436
expression: "expect_parse_failure(r#\"\n        [workspace]\n        name = \"foo\"\n        channels = []\n        platforms = []\n\n        [feature.foo.dependencies]\n\n        [environments]\n        myenv = { features = \"foo\" }\n        \"#,)"
---
  × expected an array, found string
    ╭─[pixi.toml:10:31]
  9 │         [environments]
 10 │         myenv = { features = "foo" }
    ·                               ───
 11 │
    ╰────
