---
source: crates/pixi_manifest/src/toml/manifest.rs
assertion_line: 1353
expression: "expect_parse_failure(r#\"\n        [workspace]\n        name = \"foo\"\n        channels = []\n        platforms = []\n\n        [dependencies]\n        foo = \"a!0\"\n        \"#,)"
---
  × expected a version specifier but looks like a matchspec, did you mean { version = "==a", build = "!0" }?
   ╭─[pixi.toml:8:16]
 7 │         [dependencies]
 8 │         foo = "a!0"
   ·                ───
 9 │
   ╰────
